Opened log file 'results\t-readstring-result.txt'
0:000> !runscript -l py .\py\t-readstring.py
FooCar
F
Fo
FooCar
Wide FooCar
W
Wi
Wide FooCar
0:000> !runscript -l rb .\rb\t-readstring.rb
FooCar
F
Fo
FooCar
FooCar
FooCar
F
FooCa
FooCar
FooCar
ArgumentError
ArgumentError
ArgumentError
ArgumentError
Wide FooCar
W
Wi
Wide FooCar
Wide FooCar
ArgumentError
ArgumentError
0:000> * Stop tracking results.
0:000> *
0:000> .logclose
Closing open log file results\t-readstring-result.txt
