Opened log file 'results\t-simple-result.txt'
0:000> * Try simple string evals.
0:000> *
0:000> !evalstring -l py 1
0:000> !evalstring -l py {}
0:000> !evalstring -l py print(1)
1
0:000> *
0:000> * Try VM persistence
0:000> *
0:000> !startvm
0:000> !evalstring -l py a = 5
0:000> !evalstring -l py print(a)
5
0:000> !stopvm
0:000> * Stop tracking results.
0:000> *
0:000> !runscript -l py py\t-simple.py
Hello
0:000> .logclose
Closing open log file results\t-simple-result.txt
